=======================================================
    glmark2 2023.01
=======================================================
    OpenGL Information
    GL_VENDOR:      AMD
    GL_RENDERER:    AMD Radeon RX 460 Graphics (radeonsi, polaris11, ACO, DRM 3.64, 7.0.0-14-generic)
    GL_VERSION:     OpenGL ES 3.2 Mesa 26.0.3-1ubuntu1
    Surface Config: buf=32 r=8 g=8 b=8 a=8 depth=24 stencil=0 samples=0
    Surface Size:   800x600 windowed
=======================================================
[build] use-vbo=false: FPS: 2257 FrameTime: 0.443 ms
[build] use-vbo=true: FPS: 7099 FrameTime: 0.141 ms
[texture] texture-filter=nearest: FPS: 6604 FrameTime: 0.151 ms
[texture] texture-filter=linear: FPS: 6630 FrameTime: 0.151 ms
[texture] texture-filter=mipmap: FPS: 6950 FrameTime: 0.144 ms
[shading] shading=gouraud: FPS: 7202 FrameTime: 0.139 ms
[shading] shading=blinn-phong-inf: FPS: 6967 FrameTime: 0.144 ms
[shading] shading=phong: FPS: 6965 FrameTime: 0.144 ms
[shading] shading=cel: FPS: 6748 FrameTime: 0.148 ms
[bump] bump-render=high-poly: FPS: 5285 FrameTime: 0.189 ms
[bump] bump-render=normals: FPS: 7114 FrameTime: 0.141 ms
[bump] bump-render=height: FPS: 7371 FrameTime: 0.136 ms
[effect2d] kernel=0,1,0;1,-4,1;0,1,0;: FPS: 5476 FrameTime: 0.183 ms
[effect2d] kernel=1,1,1,1,1;1,1,1,1,1;1,1,1,1,1;: FPS: 3667 FrameTime: 0.273 ms
[pulsar] light=false:quads=5:texture=false: FPS: 5950 FrameTime: 0.168 ms
[desktop] blur-radius=5:effect=blur:passes=1:separable=true:windows=4: FPS: 1713 FrameTime: 0.584 ms
[desktop] effect=shadow:windows=4: FPS: 2635 FrameTime: 0.380 ms
[buffer] columns=200:interleave=false:update-dispersion=0.9:update-fraction=0.5:update-method=map: FPS: 659 FrameTime: 1.519 ms
[buffer] columns=200:interleave=false:update-dispersion=0.9:update-fraction=0.5:update-method=subdata: FPS: 389 FrameTime: 2.577 ms
[buffer] columns=200:interleave=true:update-dispersion=0.9:update-fraction=0.5:update-method=map: FPS: 674 FrameTime: 1.484 ms
[ideas] speed=duration: FPS: 2607 FrameTime: 0.384 ms
[jellyfish] <default>: FPS: 4238 FrameTime: 0.236 ms
[terrain] <default>: FPS: 532 FrameTime: 1.883 ms
[shadow] <default>: FPS: 4085 FrameTime: 0.245 ms
[refract] <default>: FPS: 1028 FrameTime: 0.973 ms
[conditionals] fragment-steps=0:vertex-steps=0: FPS: 6846 FrameTime: 0.146 ms
[conditionals] fragment-steps=5:vertex-steps=0: FPS: 6745 FrameTime: 0.148 ms
[conditionals] fragment-steps=0:vertex-steps=5: FPS: 6696 FrameTime: 0.149 ms
[function] fragment-complexity=low:fragment-steps=5: FPS: 6700 FrameTime: 0.149 ms
[function] fragment-complexity=medium:fragment-steps=5: FPS: 6732 FrameTime: 0.149 ms
[loop] fragment-loop=false:fragment-steps=5:vertex-steps=5: FPS: 6799 FrameTime: 0.147 ms
[loop] fragment-steps=5:fragment-uniform=false:vertex-steps=5: FPS: 6683 FrameTime: 0.150 ms
[loop] fragment-steps=5:fragment-uniform=true:vertex-steps=5: FPS: 6693 FrameTime: 0.149 ms
=======================================================
                                  glmark2 Score: 4991 
=======================================================
